// Jest Snapshot v1, https://goo.gl/fbAQLP

exports[`SignInScreen should render correctly 1`] = `
<View
  accessibilityIgnoresInvertColors={true}
  style={
    Array [
      Object {
        "height": 1334,
      },
    ]
  }
>
  <Image
    resizeMode="cover"
    source={
      Object {
        "testUri": "../../../src/assets/login-background/background.png",
      }
    }
    style={
      Array [
        Object {
          "bottom": 0,
          "left": 0,
          "position": "absolute",
          "right": 0,
          "top": 0,
        },
        Object {
          "height": undefined,
          "width": undefined,
        },
        undefined,
      ]
    }
  />
  <RNCSafeAreaView
    style={
      Array [
        Object {
          "alignItems": "center",
          "flexBasis": 0,
          "flexDirection": "column",
          "flexGrow": 1,
          "flexShrink": 1,
          "justifyContent": "space-between",
          "paddingBottom": 30,
          "paddingLeft": 30,
          "paddingRight": 30,
          "paddingTop": 30,
        },
      ]
    }
  >
    <View
      style={
        Array [
          Object {
            "flexBasis": 0,
            "flexGrow": 0.3,
            "flexShrink": 1,
            "paddingTop": 20,
          },
        ]
      }
    >
      <Image
        resizeMode="contain"
        source={
          Object {
            "testUri": "../../../src/assets/logo_ioasys.png",
          }
        }
        style={
          Array [
            Object {
              "height": "60%",
            },
          ]
        }
      />
    </View>
    <View
      style={
        Array [
          Object {
            "alignSelf": "stretch",
            "flexBasis": 0,
            "flexDirection": "column",
            "flexGrow": 0.3,
            "flexShrink": 1,
            "justifyContent": "space-around",
          },
        ]
      }
    >
      <TextInput
        allowFontScaling={true}
        autoCapitalize="none"
        autoCompleteType="email"
        keyboardType="email-address"
        onBlur={[Function]}
        onChangeText={[Function]}
        placeholder="Email"
        placeholderTextColor="#ffffff"
        rejectResponderTermination={true}
        style={
          Array [
            Object {
              "color": "#ffffff",
              "paddingBottom": 20,
              "width": "100%",
            },
            Object {
              "borderBottomColor": "#ffffff",
              "borderBottomWidth": 1,
            },
            undefined,
          ]
        }
        testID="email-input"
        textContentType="emailAddress"
        underlineColorAndroid="transparent"
        value=""
      />
      <TextInput
        allowFontScaling={true}
        onBlur={[Function]}
        onChangeText={[Function]}
        placeholder="Senha"
        placeholderTextColor="#ffffff"
        rejectResponderTermination={true}
        secureTextEntry={true}
        style={
          Array [
            Object {
              "color": "#ffffff",
              "paddingBottom": 20,
              "width": "100%",
            },
            Object {
              "borderBottomColor": "#ffffff",
              "borderBottomWidth": 1,
            },
            undefined,
          ]
        }
        testID="password-input"
        textContentType="password"
        underlineColorAndroid="transparent"
        value=""
      />
    </View>
    <View
      style={
        Array [
          Object {
            "alignSelf": "stretch",
            "flexBasis": 0,
            "flexDirection": "column",
            "flexGrow": 0.4,
            "flexShrink": 1,
            "justifyContent": "center",
          },
        ]
      }
    >
      <View
        style={
          Array [
            Object {
              "height": 131.4,
              "width": "100%",
            },
          ]
        }
      >
        <View
          accessible={true}
          focusable={true}
          onClick={[Function]}
          onResponderGrant={[Function]}
          onResponderMove={[Function]}
          onResponderRelease={[Function]}
          onResponderTerminate={[Function]}
          onResponderTerminationRequest={[Function]}
          onStartShouldSetResponder={[Function]}
          style={
            Object {
              "opacity": 1,
            }
          }
          testID="submit-button"
        >
          <View
            style={
              Array [
                Object {
                  "borderRadius": 118.26,
                  "borderStyle": "solid",
                  "borderWidth": 2,
                  "height": "90%",
                },
                Object {
                  "backgroundColor": "#ffffff",
                  "borderColor": "transparent",
                },
              ]
            }
          >
            <View
              style={
                Array [
                  Object {
                    "alignItems": "center",
                    "flexBasis": 0,
                    "flexDirection": "column",
                    "flexGrow": 1,
                    "flexShrink": 1,
                    "justifyContent": "space-around",
                  },
                ]
              }
            >
              <View
                style={
                  Array [
                    Object {
                      "alignSelf": "stretch",
                      "flexDirection": "row",
                      "justifyContent": "center",
                    },
                  ]
                }
              >
                <Text
                  style={
                    Array [
                      Object {
                        "color": "#5F49AB",
                        "fontWeight": "bold",
                      },
                    ]
                  }
                >
                  LOGIN
                </Text>
              </View>
            </View>
          </View>
        </View>
      </View>
    </View>
  </RNCSafeAreaView>
</View>
`;
